ppo 0: reward/step +0.034, pg +0.002 v 0.599 ent 0.944 bc 3.038 (x0.10), 2 s | 274 journeys: arrived 98.5 %, fell 0 | clutt 100 doorw 99 stair 100 corne 93 mover 100 low 96 mixed 100
ppo 1: reward/step +0.031, pg -0.005 v 0.511 ent 1.021 bc 2.560 (x0.10), 3 s | 589 journeys: arrived 97.3 %, fell 0 | clutt 100 doorw 96 stair 100 corne 93 mover 100 low 97 mixed 98
ppo 2: reward/step +0.024, pg -0.006 v 0.485 ent 1.053 bc 2.424 (x0.10), 2 s | 600 journeys: arrived 93.8 %, fell 0 | clutt 100 doorw 91 stair 98 corne 96 mover 100 low 100 mixed 92
ppo 3: reward/step +0.024, pg -0.009 v 0.500 ent 1.097 bc 2.261 (x0.10), 3 s | 600 journeys: arrived 90.3 %, fell 0 | clutt 90 doorw 89 stair 97 corne 93 mover 100 low 100 mixed 87
ppo 4: reward/step +0.026, pg -0.009 v 0.431 ent 1.132 bc 2.148 (x0.09), 2 s | 600 journeys: arrived 87.3 %, fell 0 | clutt 83 doorw 88 stair 95 corne 89 mover 100 low 100 mixed 81
ppo 5: reward/step +0.023, pg -0.010 v 0.455 ent 1.154 bc 2.082 (x0.09), 2 s | 600 journeys: arrived 86.2 %, fell 0 | clutt 86 doorw 84 stair 94 corne 92 mover 100 low 100 mixed 78
ppo 6: reward/step +0.022, pg -0.011 v 0.443 ent 1.174 bc 1.964 (x0.09), 2 s | 600 journeys: arrived 87.0 %, fell 0 | clutt 94 doorw 84 stair 97 corne 93 mover 100 low 100 mixed 79
ppo 7: reward/step +0.021, pg -0.011 v 0.433 ent 1.176 bc 1.910 (x0.09), 2 s | 600 journeys: arrived 86.7 %, fell 0 | clutt 97 doorw 88 stair 98 corne 93 mover 100 low 97 mixed 76
ppo 8: reward/step +0.024, pg -0.011 v 0.478 ent 1.184 bc 1.910 (x0.09), 3 s | 600 journeys: arrived 86.0 %, fell 0 | clutt 97 doorw 86 stair 98 corne 92 mover 100 low 97 mixed 76
ppo 9: reward/step +0.019, pg -0.011 v 0.452 ent 1.186 bc 1.903 (x0.09), 2 s | 600 journeys: arrived 85.7 %, fell 0 | clutt 97 doorw 82 stair 97 corne 92 mover 100 low 100 mixed 75
ppo 10: reward/step +0.018, pg -0.012 v 0.420 ent 1.204 bc 1.850 (x0.08), 2 s | 600 journeys: arrived 86.5 %, fell 0 | clutt 97 doorw 83 stair 97 corne 93 mover 100 low 100 mixed 77
ppo 11: reward/step +0.020, pg -0.012 v 0.457 ent 1.207 bc 1.809 (x0.08), 2 s | 600 journeys: arrived 84.8 %, fell 0 | clutt 97 doorw 82 stair 93 corne 92 mover 100 low 100 mixed 76
ppo 12: reward/step +0.021, pg -0.012 v 0.386 ent 1.214 bc 1.815 (x0.08), 2 s | 600 journeys: arrived 84.5 %, fell 0 | clutt 97 doorw 82 stair 91 corne 94 mover 100 low 100 mixed 75
ppo 13: reward/step +0.021, pg -0.011 v 0.441 ent 1.223 bc 1.781 (x0.08), 3 s | 600 journeys: arrived 86.5 %, fell 0 | clutt 97 doorw 81 stair 91 corne 96 mover 100 low 97 mixed 81
ppo 14: reward/step +0.021, pg -0.011 v 0.503 ent 1.215 bc 1.755 (x0.08), 2 s | 600 journeys: arrived 86.5 %, fell 0 | clutt 100 doorw 79 stair 97 corne 92 mover 100 low 98 mixed 82
ppo 15: reward/step +0.019, pg -0.011 v 0.456 ent 1.227 bc 1.771 (x0.08), 2 s | 600 journeys: arrived 86.3 %, fell 0 | clutt 94 doorw 83 stair 98 corne 91 mover 100 low 100 mixed 78
ppo 16: reward/step +0.018, pg -0.011 v 0.482 ent 1.220 bc 1.780 (x0.07), 2 s | 600 journeys: arrived 86.7 %, fell 0 | clutt 91 doorw 88 stair 97 corne 93 mover 100 low 97 mixed 75
ppo 17: reward/step +0.019, pg -0.012 v 0.431 ent 1.220 bc 1.726 (x0.07), 2 s | 600 journeys: arrived 86.0 %, fell 0 | clutt 86 doorw 85 stair 98 corne 95 mover 100 low 97 mixed 77
ppo 18: reward/step +0.017, pg -0.011 v 0.470 ent 1.227 bc 1.743 (x0.07), 2 s | 600 journeys: arrived 86.7 %, fell 0 | clutt 80 doorw 84 stair 98 corne 96 mover 100 low 100 mixed 78
ppo 19: reward/step +0.019, pg -0.012 v 0.452 ent 1.229 bc 1.787 (x0.07), 2 s | 600 journeys: arrived 87.7 %, fell 0 | clutt 81 doorw 88 stair 98 corne 93 mover 100 low 100 mixed 78
bench at 19: arrived 389/420, fell 0, off 0, timeout 28, failed 3, secs 71.9, bumps 0.83
  best so far (update 19)
ppo 20: reward/step +0.016, pg -0.012 v 0.469 ent 1.234 bc 1.771 (x0.07), 2 s | 600 journeys: arrived 86.3 %, fell 0 | clutt 83 doorw 85 stair 97 corne 93 mover 100 low 100 mixed 77
ppo 21: reward/step +0.019, pg -0.011 v 0.508 ent 1.234 bc 1.720 (x0.07), 2 s | 600 journeys: arrived 85.8 %, fell 0 | clutt 91 doorw 84 stair 95 corne 90 mover 100 low 100 mixed 77
ppo 22: reward/step +0.020, pg -0.011 v 0.504 ent 1.249 bc 1.739 (x0.06), 2 s | 600 journeys: arrived 86.0 %, fell 0 | clutt 93 doorw 83 stair 97 corne 88 mover 100 low 100 mixed 78
ppo 23: reward/step +0.023, pg -0.011 v 0.472 ent 1.255 bc 1.740 (x0.06), 2 s | 600 journeys: arrived 87.8 %, fell 0 | clutt 89 doorw 86 stair 100 corne 91 mover 100 low 100 mixed 80
ppo 24: reward/step +0.020, pg -0.012 v 0.411 ent 1.249 bc 1.758 (x0.06), 2 s | 600 journeys: arrived 89.3 %, fell 0 | clutt 88 doorw 86 stair 99 corne 100 mover 100 low 100 mixed 82
ppo 25: reward/step +0.016, pg -0.011 v 0.458 ent 1.255 bc 1.756 (x0.06), 2 s | 600 journeys: arrived 88.0 %, fell 0 | clutt 85 doorw 85 stair 97 corne 96 mover 100 low 100 mixed 82
ppo 26: reward/step +0.020, pg -0.011 v 0.488 ent 1.249 bc 1.749 (x0.06), 2 s | 600 journeys: arrived 85.3 %, fell 0 | clutt 83 doorw 83 stair 92 corne 93 mover 97 low 100 mixed 80
ppo 27: reward/step +0.025, pg -0.011 v 0.469 ent 1.257 bc 1.722 (x0.06), 2 s | 600 journeys: arrived 85.8 %, fell 0 | clutt 91 doorw 84 stair 93 corne 93 mover 97 low 100 mixed 78
ppo 28: reward/step +0.019, pg -0.011 v 0.512 ent 1.246 bc 1.734 (x0.05), 2 s | 600 journeys: arrived 88.0 %, fell 0 | clutt 100 doorw 86 stair 97 corne 93 mover 100 low 100 mixed 80
ppo 29: reward/step +0.018, pg -0.011 v 0.523 ent 1.249 bc 1.740 (x0.05), 2 s | 600 journeys: arrived 88.5 %, fell 0 | clutt 100 doorw 85 stair 98 corne 90 mover 100 low 100 mixed 82
ppo 30: reward/step +0.021, pg -0.011 v 0.503 ent 1.253 bc 1.760 (x0.05), 3 s | 600 journeys: arrived 86.2 %, fell 0 | clutt 100 doorw 82 stair 98 corne 92 mover 100 low 97 mixed 80
ppo 31: reward/step +0.021, pg -0.011 v 0.541 ent 1.241 bc 1.758 (x0.05), 2 s | 600 journeys: arrived 86.7 %, fell 0 | clutt 94 doorw 83 stair 96 corne 96 mover 96 low 96 mixed 80
ppo 32: reward/step +0.022, pg -0.012 v 0.502 ent 1.248 bc 1.764 (x0.05), 2 s | 600 journeys: arrived 89.0 %, fell 0 | clutt 91 doorw 88 stair 94 corne 92 mover 97 low 100 mixed 84
ppo 33: reward/step +0.022, pg -0.011 v 0.491 ent 1.238 bc 1.757 (x0.04), 2 s | 600 journeys: arrived 88.7 %, fell 0 | clutt 94 doorw 85 stair 99 corne 88 mover 100 low 100 mixed 83
ppo 34: reward/step +0.021, pg -0.011 v 0.445 ent 1.240 bc 1.753 (x0.04), 2 s | 600 journeys: arrived 89.0 %, fell 0 | clutt 86 doorw 87 stair 99 corne 91 mover 100 low 100 mixed 84
ppo 35: reward/step +0.023, pg -0.011 v 0.476 ent 1.240 bc 1.716 (x0.04), 2 s | 600 journeys: arrived 88.7 %, fell 0 | clutt 81 doorw 89 stair 97 corne 95 mover 100 low 100 mixed 82
ppo 36: reward/step +0.020, pg -0.011 v 0.466 ent 1.255 bc 1.714 (x0.04), 2 s | 600 journeys: arrived 88.0 %, fell 0 | clutt 87 doorw 90 stair 97 corne 93 mover 100 low 100 mixed 78
ppo 37: reward/step +0.023, pg -0.011 v 0.461 ent 1.262 bc 1.725 (x0.04), 3 s | 600 journeys: arrived 86.7 %, fell 0 | clutt 82 doorw 88 stair 95 corne 96 mover 100 low 100 mixed 78
ppo 38: reward/step +0.018, pg -0.010 v 0.487 ent 1.249 bc 1.772 (x0.04), 3 s | 600 journeys: arrived 87.8 %, fell 0 | clutt 87 doorw 86 stair 95 corne 95 mover 100 low 100 mixed 84
ppo 39: reward/step +0.019, pg -0.011 v 0.516 ent 1.246 bc 1.758 (x0.03), 2 s | 600 journeys: arrived 86.7 %, fell 0 | clutt 82 doorw 84 stair 96 corne 94 mover 100 low 100 mixed 81
bench at 39: arrived 378/420, fell 0, off 0, timeout 34, failed 8, secs 69.3, bumps 0.87
ppo 40: reward/step +0.023, pg -0.011 v 0.467 ent 1.250 bc 1.779 (x0.03), 2 s | 600 journeys: arrived 85.7 %, fell 0 | clutt 88 doorw 86 stair 95 corne 98 mover 100 low 100 mixed 74
ppo 41: reward/step +0.021, pg -0.011 v 0.537 ent 1.238 bc 1.772 (x0.03), 2 s | 600 journeys: arrived 87.7 %, fell 0 | clutt 96 doorw 87 stair 95 corne 98 mover 100 low 100 mixed 78
ppo 42: reward/step +0.023, pg -0.011 v 0.484 ent 1.237 bc 1.753 (x0.03), 2 s | 600 journeys: arrived 88.7 %, fell 0 | clutt 97 doorw 88 stair 91 corne 95 mover 100 low 100 mixed 82
ppo 43: reward/step +0.023, pg -0.011 v 0.491 ent 1.226 bc 1.771 (x0.03), 3 s | 600 journeys: arrived 88.3 %, fell 0 | clutt 97 doorw 89 stair 93 corne 92 mover 100 low 100 mixed 80
ppo 44: reward/step +0.022, pg -0.010 v 0.497 ent 1.209 bc 1.747 (x0.03), 2 s | 600 journeys: arrived 86.8 %, fell 0 | clutt 90 doorw 86 stair 97 corne 86 mover 100 low 100 mixed 81
ppo 45: reward/step +0.021, pg -0.011 v 0.487 ent 1.219 bc 1.780 (x0.03), 2 s | 600 journeys: arrived 87.0 %, fell 0 | clutt 93 doorw 85 stair 98 corne 91 mover 100 low 100 mixed 80
ppo 46: reward/step +0.022, pg -0.011 v 0.453 ent 1.221 bc 1.781 (x0.02), 2 s | 600 journeys: arrived 88.0 %, fell 0 | clutt 97 doorw 85 stair 98 corne 95 mover 100 low 100 mixed 80
ppo 47: reward/step +0.019, pg -0.010 v 0.436 ent 1.198 bc 1.784 (x0.02), 3 s | 600 journeys: arrived 87.5 %, fell 0 | clutt 97 doorw 81 stair 97 corne 100 mover 100 low 100 mixed 81
ppo 48: reward/step +0.018, pg -0.010 v 0.458 ent 1.209 bc 1.801 (x0.02), 2 s | 600 journeys: arrived 87.2 %, fell 0 | clutt 100 doorw 85 stair 98 corne 98 mover 100 low 100 mixed 78
ppo 49: reward/step +0.023, pg -0.010 v 0.461 ent 1.212 bc 1.757 (x0.02), 2 s | 600 journeys: arrived 87.8 %, fell 0 | clutt 91 doorw 85 stair 98 corne 98 mover 100 low 100 mixed 80
ppo 50: reward/step +0.019, pg -0.010 v 0.474 ent 1.216 bc 1.757 (x0.02), 3 s | 600 journeys: arrived 85.7 %, fell 0 | clutt 85 doorw 84 stair 95 corne 94 mover 100 low 100 mixed 78
ppo 51: reward/step +0.022, pg -0.010 v 0.507 ent 1.206 bc 1.769 (x0.02), 3 s | 600 journeys: arrived 86.3 %, fell 0 | clutt 91 doorw 89 stair 88 corne 94 mover 100 low 97 mixed 76
ppo 52: reward/step +0.017, pg -0.011 v 0.474 ent 1.210 bc 1.800 (x0.01), 2 s | 600 journeys: arrived 87.8 %, fell 0 | clutt 93 doorw 88 stair 91 corne 98 mover 100 low 97 mixed 79
ppo 53: reward/step +0.021, pg -0.010 v 0.524 ent 1.210 bc 1.813 (x0.01), 2 s | 600 journeys: arrived 88.2 %, fell 0 | clutt 84 doorw 89 stair 92 corne 98 mover 100 low 97 mixed 82
ppo 54: reward/step +0.023, pg -0.010 v 0.475 ent 1.200 bc 1.810 (x0.01), 2 s | 600 journeys: arrived 87.8 %, fell 0 | clutt 87 doorw 87 stair 94 corne 100 mover 100 low 100 mixed 80
ppo 55: reward/step +0.023, pg -0.011 v 0.510 ent 1.203 bc 1.831 (x0.01), 2 s | 600 journeys: arrived 88.5 %, fell 0 | clutt 92 doorw 88 stair 96 corne 98 mover 100 low 100 mixed 78
ppo 56: reward/step +0.019, pg -0.011 v 0.507 ent 1.197 bc 1.843 (x0.01), 2 s | 600 journeys: arrived 88.5 %, fell 0 | clutt 92 doorw 89 stair 97 corne 97 mover 100 low 100 mixed 78
ppo 57: reward/step +0.024, pg -0.010 v 0.510 ent 1.183 bc 1.874 (x0.01), 2 s | 600 journeys: arrived 88.7 %, fell 0 | clutt 94 doorw 88 stair 98 corne 96 mover 100 low 100 mixed 79
ppo 58: reward/step +0.018, pg -0.010 v 0.506 ent 1.181 bc 1.878 (x0.00), 2 s | 600 journeys: arrived 87.2 %, fell 0 | clutt 88 doorw 85 stair 98 corne 95 mover 100 low 100 mixed 80
ppo 59: reward/step +0.026, pg -0.010 v 0.486 ent 1.185 bc 1.880 (x0.00), 2 s | 600 journeys: arrived 87.2 %, fell 0 | clutt 92 doorw 83 stair 100 corne 94 mover 100 low 100 mixed 81
bench at 59: arrived 394/420, fell 0, off 0, timeout 24, failed 2, secs 68.7, bumps 0.75
  best so far (update 59)
ppo 60: reward/step +0.024, pg -0.010 v 0.457 ent 1.171 bc 1.855 (x0.00), 2 s | 600 journeys: arrived 88.3 %, fell 0 | clutt 93 doorw 84 stair 100 corne 93 mover 100 low 100 mixed 82
ppo 61: reward/step +0.025, pg -0.010 v 0.505 ent 1.179 bc 1.960 (x0.00), 2 s | 600 journeys: arrived 88.7 %, fell 0 | clutt 85 doorw 86 stair 100 corne 91 mover 100 low 100 mixed 84
ppo 62: reward/step +0.025, pg -0.010 v 0.479 ent 1.170 bc 1.944 (x0.00), 2 s | 600 journeys: arrived 87.3 %, fell 0 | clutt 79 doorw 86 stair 100 corne 88 mover 100 low 97 mixed 82
ppo 63: reward/step +0.020, pg -0.009 v 0.552 ent 1.168 bc 2.026 (x0.00), 2 s | 600 journeys: arrived 88.2 %, fell 0 | clutt 84 doorw 87 stair 100 corne 93 mover 100 low 96 mixed 82
ppo 64: reward/step +0.022, pg -0.010 v 0.467 ent 1.174 bc 2.034 (x0.00), 2 s | 600 journeys: arrived 87.5 %, fell 0 | clutt 96 doorw 86 stair 97 corne 89 mover 100 low 100 mixed 82
ppo 65: reward/step +0.024, pg -0.010 v 0.507 ent 1.156 bc 1.994 (x0.00), 2 s | 600 journeys: arrived 87.2 %, fell 0 | clutt 93 doorw 87 stair 93 corne 91 mover 100 low 100 mixed 80
ppo 66: reward/step +0.023, pg -0.010 v 0.525 ent 1.160 bc 2.070 (x0.00), 2 s | 600 journeys: arrived 88.7 %, fell 0 | clutt 92 doorw 88 stair 95 corne 93 mover 100 low 100 mixed 81
ppo 67: reward/step +0.019, pg -0.010 v 0.523 ent 1.148 bc 2.026 (x0.00), 2 s | 600 journeys: arrived 86.8 %, fell 0 | clutt 92 doorw 85 stair 99 corne 87 mover 100 low 100 mixed 78
ppo 68: reward/step +0.023, pg -0.010 v 0.498 ent 1.152 bc 2.006 (x0.00), 2 s | 600 journeys: arrived 85.5 %, fell 0 | clutt 92 doorw 83 stair 97 corne 91 mover 100 low 100 mixed 78
ppo 69: reward/step +0.024, pg -0.010 v 0.498 ent 1.158 bc 2.015 (x0.00), 2 s | 600 journeys: arrived 87.5 %, fell 0 | clutt 96 doorw 85 stair 97 corne 93 mover 100 low 100 mixed 80
ppo 70: reward/step +0.022, pg -0.010 v 0.475 ent 1.134 bc 2.045 (x0.00), 2 s | 600 journeys: arrived 89.7 %, fell 0 | clutt 96 doorw 88 stair 100 corne 94 mover 100 low 100 mixed 82
ppo 71: reward/step +0.022, pg -0.010 v 0.476 ent 1.134 bc 2.060 (x0.00), 2 s | 600 journeys: arrived 86.7 %, fell 0 | clutt 90 doorw 86 stair 98 corne 93 mover 100 low 100 mixed 76
ppo 72: reward/step +0.025, pg -0.010 v 0.497 ent 1.140 bc 2.096 (x0.00), 2 s | 600 journeys: arrived 85.7 %, fell 0 | clutt 95 doorw 85 stair 98 corne 91 mover 100 low 100 mixed 73
ppo 73: reward/step +0.027, pg -0.010 v 0.490 ent 1.144 bc 2.090 (x0.00), 2 s | 600 journeys: arrived 88.8 %, fell 0 | clutt 100 doorw 85 stair 98 corne 93 mover 100 low 100 mixed 84
ppo 74: reward/step +0.028, pg -0.010 v 0.437 ent 1.145 bc 2.079 (x0.00), 2 s | 600 journeys: arrived 90.0 %, fell 0 | clutt 100 doorw 83 stair 98 corne 93 mover 100 low 100 mixed 90
ppo 75: reward/step +0.025, pg -0.010 v 0.516 ent 1.144 bc 2.089 (x0.00), 2 s | 600 journeys: arrived 88.8 %, fell 0 | clutt 96 doorw 84 stair 98 corne 89 mover 100 low 100 mixed 87
ppo 76: reward/step +0.024, pg -0.010 v 0.474 ent 1.139 bc 2.111 (x0.00), 2 s | 600 journeys: arrived 86.8 %, fell 0 | clutt 91 doorw 80 stair 95 corne 87 mover 100 low 100 mixed 85
ppo 77: reward/step +0.024, pg -0.009 v 0.510 ent 1.133 bc 2.159 (x0.00), 2 s | 600 journeys: arrived 87.3 %, fell 0 | clutt 90 doorw 81 stair 94 corne 94 mover 100 low 100 mixed 86
ppo 78: reward/step +0.028, pg -0.010 v 0.428 ent 1.130 bc 2.075 (x0.00), 2 s | 600 journeys: arrived 88.7 %, fell 0 | clutt 92 doorw 84 stair 95 corne 98 mover 100 low 100 mixed 86
ppo 79: reward/step +0.022, pg -0.009 v 0.458 ent 1.123 bc 2.118 (x0.00), 2 s | 600 journeys: arrived 87.5 %, fell 0 | clutt 94 doorw 84 stair 97 corne 93 mover 100 low 100 mixed 82
bench at 79: arrived 390/420, fell 0, off 0, timeout 25, failed 5, secs 69.1, bumps 0.60
ppo 80: reward/step +0.028, pg -0.009 v 0.444 ent 1.131 bc 2.140 (x0.00), 2 s | 600 journeys: arrived 88.5 %, fell 0 | clutt 88 doorw 88 stair 99 corne 93 mover 100 low 100 mixed 82
ppo 81: reward/step +0.024, pg -0.009 v 0.480 ent 1.114 bc 2.184 (x0.00), 2 s | 600 journeys: arrived 88.3 %, fell 0 | clutt 89 doorw 87 stair 99 corne 90 mover 100 low 97 mixed 82
ppo 82: reward/step +0.028, pg -0.009 v 0.466 ent 1.116 bc 2.204 (x0.00), 2 s | 600 journeys: arrived 87.2 %, fell 0 | clutt 93 doorw 87 stair 96 corne 89 mover 100 low 94 mixed 80
ppo 83: reward/step +0.025, pg -0.009 v 0.511 ent 1.109 bc 2.188 (x0.00), 2 s | 600 journeys: arrived 87.0 %, fell 0 | clutt 90 doorw 87 stair 96 corne 93 mover 100 low 97 mixed 77
ppo 84: reward/step +0.024, pg -0.009 v 0.499 ent 1.094 bc 2.180 (x0.00), 2 s | 600 journeys: arrived 87.5 %, fell 0 | clutt 100 doorw 85 stair 95 corne 91 mover 100 low 100 mixed 81
ppo 85: reward/step +0.024, pg -0.009 v 0.485 ent 1.088 bc 2.237 (x0.00), 2 s | 600 journeys: arrived 87.7 %, fell 0 | clutt 94 doorw 86 stair 89 corne 89 mover 100 low 100 mixed 85
ppo 86: reward/step +0.025, pg -0.008 v 0.516 ent 1.087 bc 2.297 (x0.00), 2 s | 600 journeys: arrived 88.8 %, fell 0 | clutt 94 doorw 88 stair 96 corne 92 mover 100 low 100 mixed 83
ppo 87: reward/step +0.024, pg -0.009 v 0.481 ent 1.069 bc 2.219 (x0.00), 2 s | 600 journeys: arrived 87.0 %, fell 0 | clutt 100 doorw 87 stair 100 corne 90 mover 100 low 100 mixed 77
ppo 88: reward/step +0.024, pg -0.009 v 0.504 ent 1.080 bc 2.335 (x0.00), 2 s | 600 journeys: arrived 86.8 %, fell 0 | clutt 96 doorw 87 stair 100 corne 87 mover 100 low 100 mixed 77
ppo 89: reward/step +0.027, pg -0.009 v 0.485 ent 1.058 bc 2.271 (x0.00), 2 s | 600 journeys: arrived 87.0 %, fell 0 | clutt 89 doorw 86 stair 100 corne 88 mover 100 low 100 mixed 81
ppo 90: reward/step +0.027, pg -0.008 v 0.472 ent 1.056 bc 2.297 (x0.00), 2 s | 600 journeys: arrived 88.0 %, fell 0 | clutt 90 doorw 87 stair 98 corne 93 mover 100 low 100 mixed 81
ppo 91: reward/step +0.030, pg -0.009 v 0.520 ent 1.055 bc 2.316 (x0.00), 3 s | 600 journeys: arrived 88.2 %, fell 0 | clutt 83 doorw 85 stair 97 corne 93 mover 100 low 100 mixed 84
ppo 92: reward/step +0.027, pg -0.009 v 0.481 ent 1.076 bc 2.302 (x0.00), 2 s | 600 journeys: arrived 89.5 %, fell 0 | clutt 86 doorw 88 stair 96 corne 90 mover 100 low 100 mixed 86
ppo 93: reward/step +0.025, pg -0.008 v 0.457 ent 1.058 bc 2.345 (x0.00), 2 s | 600 journeys: arrived 88.7 %, fell 0 | clutt 96 doorw 89 stair 96 corne 87 mover 100 low 100 mixed 81
ppo 94: reward/step +0.025, pg -0.009 v 0.451 ent 1.043 bc 2.329 (x0.00), 2 s | 600 journeys: arrived 88.5 %, fell 0 | clutt 92 doorw 86 stair 98 corne 87 mover 100 low 100 mixed 84
ppo 95: reward/step +0.024, pg -0.009 v 0.477 ent 1.039 bc 2.329 (x0.00), 2 s | 600 journeys: arrived 87.5 %, fell 0 | clutt 88 doorw 84 stair 98 corne 94 mover 100 low 100 mixed 82
ppo 96: reward/step +0.023, pg -0.009 v 0.464 ent 1.044 bc 2.337 (x0.00), 2 s | 600 journeys: arrived 87.7 %, fell 0 | clutt 87 doorw 87 stair 98 corne 93 mover 100 low 100 mixed 79
ppo 97: reward/step +0.027, pg -0.010 v 0.433 ent 1.038 bc 2.318 (x0.00), 2 s | 600 journeys: arrived 87.8 %, fell 0 | clutt 94 doorw 86 stair 99 corne 95 mover 100 low 100 mixed 79
ppo 98: reward/step +0.022, pg -0.009 v 0.562 ent 1.052 bc 2.396 (x0.00), 2 s | 600 journeys: arrived 86.3 %, fell 0 | clutt 92 doorw 85 stair 99 corne 92 mover 97 low 100 mixed 75
ppo 99: reward/step +0.022, pg -0.009 v 0.510 ent 1.044 bc 2.314 (x0.00), 2 s | 600 journeys: arrived 85.5 %, fell 0 | clutt 76 doorw 82 stair 99 corne 89 mover 98 low 100 mixed 79
bench at 99: arrived 388/420, fell 0, off 0, timeout 27, failed 5, secs 68.7, bumps 0.68
ppo 100: reward/step +0.021, pg -0.009 v 0.532 ent 1.050 bc 2.384 (x0.00), 3 s | 600 journeys: arrived 85.7 %, fell 0 | clutt 85 doorw 80 stair 97 corne 93 mover 100 low 100 mixed 80
ppo 101: reward/step +0.022, pg -0.009 v 0.468 ent 1.043 bc 2.349 (x0.00), 2 s | 600 journeys: arrived 87.3 %, fell 0 | clutt 92 doorw 86 stair 97 corne 89 mover 100 low 100 mixed 80
ppo 102: reward/step +0.025, pg -0.008 v 0.412 ent 1.043 bc 2.369 (x0.00), 2 s | 600 journeys: arrived 89.7 %, fell 0 | clutt 93 doorw 87 stair 100 corne 95 mover 100 low 100 mixed 82
ppo 103: reward/step +0.024, pg -0.009 v 0.493 ent 1.046 bc 2.351 (x0.00), 3 s | 600 journeys: arrived 88.7 %, fell 0 | clutt 96 doorw 87 stair 97 corne 96 mover 100 low 100 mixed 79
ppo 104: reward/step +0.022, pg -0.009 v 0.487 ent 1.042 bc 2.303 (x0.00), 2 s | 600 journeys: arrived 87.7 %, fell 0 | clutt 90 doorw 88 stair 94 corne 98 mover 100 low 100 mixed 78
ppo 105: reward/step +0.024, pg -0.009 v 0.520 ent 1.055 bc 2.291 (x0.00), 2 s | 600 journeys: arrived 87.0 %, fell 0 | clutt 81 doorw 85 stair 96 corne 94 mover 100 low 100 mixed 82
ppo 106: reward/step +0.030, pg -0.009 v 0.451 ent 1.073 bc 2.347 (x0.00), 2 s | 600 journeys: arrived 88.2 %, fell 0 | clutt 88 doorw 84 stair 100 corne 93 mover 100 low 100 mixed 84
ppo 107: reward/step +0.026, pg -0.008 v 0.534 ent 1.073 bc 2.302 (x0.00), 2 s | 600 journeys: arrived 89.7 %, fell 0 | clutt 93 doorw 87 stair 96 corne 98 mover 100 low 97 mixed 85
ppo 108: reward/step +0.025, pg -0.008 v 0.509 ent 1.062 bc 2.346 (x0.00), 2 s | 600 journeys: arrived 89.8 %, fell 0 | clutt 88 doorw 88 stair 94 corne 97 mover 100 low 97 mixed 85
ppo 109: reward/step +0.024, pg -0.008 v 0.487 ent 1.069 bc 2.383 (x0.00), 3 s | 600 journeys: arrived 88.3 %, fell 0 | clutt 93 doorw 87 stair 97 corne 89 mover 100 low 100 mixed 82
ppo 110: reward/step +0.024, pg -0.008 v 0.484 ent 1.072 bc 2.397 (x0.00), 2 s | 600 journeys: arrived 87.3 %, fell 0 | clutt 93 doorw 87 stair 98 corne 86 mover 100 low 96 mixed 80
ppo 111: reward/step +0.025, pg -0.008 v 0.513 ent 1.069 bc 2.362 (x0.00), 2 s | 600 journeys: arrived 88.7 %, fell 0 | clutt 97 doorw 89 stair 96 corne 93 mover 97 low 97 mixed 80
ppo 112: reward/step +0.027, pg -0.008 v 0.543 ent 1.061 bc 2.404 (x0.00), 2 s | 600 journeys: arrived 88.5 %, fell 0 | clutt 94 doorw 86 stair 98 corne 96 mover 97 low 100 mixed 81
ppo 113: reward/step +0.025, pg -0.008 v 0.524 ent 1.066 bc 2.427 (x0.00), 2 s | 600 journeys: arrived 88.7 %, fell 0 | clutt 90 doorw 87 stair 100 corne 96 mover 100 low 100 mixed 80
ppo 114: reward/step +0.028, pg -0.008 v 0.595 ent 1.064 bc 2.413 (x0.00), 2 s | 600 journeys: arrived 88.8 %, fell 1 | clutt 88 doorw 86 stair 99 corne 93 mover 100 low 100 mixed 83
ppo 115: reward/step +0.022, pg -0.008 v 0.530 ent 1.051 bc 2.469 (x0.00), 2 s | 600 journeys: arrived 88.8 %, fell 1 | clutt 93 doorw 84 stair 97 corne 91 mover 100 low 100 mixed 86
ppo 116: reward/step +0.022, pg -0.009 v 0.488 ent 1.041 bc 2.463 (x0.00), 2 s | 600 journeys: arrived 90.2 %, fell 0 | clutt 97 doorw 87 stair 95 corne 93 mover 100 low 100 mixed 87
ppo 117: reward/step +0.020, pg -0.008 v 0.537 ent 1.036 bc 2.478 (x0.00), 2 s | 600 journeys: arrived 88.0 %, fell 0 | clutt 93 doorw 87 stair 95 corne 97 mover 100 low 100 mixed 80
ppo 118: reward/step +0.027, pg -0.008 v 0.487 ent 1.036 bc 2.400 (x0.00), 2 s | 600 journeys: arrived 85.8 %, fell 0 | clutt 93 doorw 84 stair 97 corne 100 mover 100 low 100 mixed 76
ppo 119: reward/step +0.020, pg -0.008 v 0.447 ent 1.022 bc 2.484 (x0.00), 2 s | 600 journeys: arrived 87.0 %, fell 0 | clutt 92 doorw 87 stair 96 corne 98 mover 100 low 100 mixed 77
bench at 119: arrived 392/420, fell 0, off 0, timeout 25, failed 3, secs 67.9, bumps 0.77
ppo 120: reward/step +0.023, pg -0.008 v 0.533 ent 1.035 bc 2.434 (x0.00), 2 s | 600 journeys: arrived 87.5 %, fell 0 | clutt 90 doorw 88 stair 91 corne 95 mover 100 low 100 mixed 78
ppo 121: reward/step +0.034, pg -0.008 v 0.459 ent 1.043 bc 2.402 (x0.00), 2 s | 600 journeys: arrived 87.0 %, fell 0 | clutt 100 doorw 85 stair 92 corne 91 mover 100 low 100 mixed 81
ppo 122: reward/step +0.029, pg -0.008 v 0.430 ent 1.037 bc 2.397 (x0.00), 2 s | 600 journeys: arrived 88.8 %, fell 0 | clutt 97 doorw 87 stair 100 corne 94 mover 100 low 100 mixed 80
ppo 123: reward/step +0.024, pg -0.008 v 0.497 ent 1.034 bc 2.412 (x0.00), 2 s | 600 journeys: arrived 89.2 %, fell 0 | clutt 96 doorw 88 stair 100 corne 92 mover 100 low 100 mixed 82
ppo 124: reward/step +0.027, pg -0.008 v 0.458 ent 1.037 bc 2.432 (x0.00), 2 s | 600 journeys: arrived 88.8 %, fell 0 | clutt 94 doorw 88 stair 98 corne 89 mover 100 low 100 mixed 82
ppo 125: reward/step +0.027, pg -0.008 v 0.477 ent 1.034 bc 2.475 (x0.00), 3 s | 600 journeys: arrived 87.7 %, fell 0 | clutt 97 doorw 87 stair 98 corne 89 mover 95 low 100 mixed 80
ppo 126: reward/step +0.025, pg -0.008 v 0.484 ent 1.038 bc 2.510 (x0.00), 2 s | 600 journeys: arrived 88.3 %, fell 0 | clutt 100 doorw 85 stair 98 corne 96 mover 95 low 100 mixed 82
ppo 127: reward/step +0.022, pg -0.008 v 0.463 ent 1.017 bc 2.506 (x0.00), 2 s | 600 journeys: arrived 88.8 %, fell 0 | clutt 100 doorw 85 stair 96 corne 96 mover 100 low 100 mixed 83
ppo 128: reward/step +0.026, pg -0.007 v 0.485 ent 1.018 bc 2.486 (x0.00), 2 s | 600 journeys: arrived 87.8 %, fell 0 | clutt 93 doorw 84 stair 97 corne 96 mover 100 low 100 mixed 82
ppo 129: reward/step +0.024, pg -0.008 v 0.526 ent 1.020 bc 2.427 (x0.00), 2 s | 600 journeys: arrived 86.5 %, fell 0 | clutt 95 doorw 82 stair 93 corne 94 mover 100 low 100 mixed 81
ppo 130: reward/step +0.025, pg -0.008 v 0.456 ent 1.012 bc 2.455 (x0.00), 2 s | 600 journeys: arrived 88.2 %, fell 0 | clutt 95 doorw 86 stair 93 corne 92 mover 100 low 100 mixed 82
ppo 131: reward/step +0.025, pg -0.007 v 0.455 ent 1.023 bc 2.483 (x0.00), 3 s | 600 journeys: arrived 87.3 %, fell 0 | clutt 91 doorw 86 stair 95 corne 93 mover 100 low 100 mixed 80
ppo 132: reward/step +0.027, pg -0.007 v 0.460 ent 1.019 bc 2.428 (x0.00), 2 s | 600 journeys: arrived 85.8 %, fell 0 | clutt 91 doorw 85 stair 97 corne 93 mover 100 low 100 mixed 77
ppo 133: reward/step +0.028, pg -0.007 v 0.482 ent 1.025 bc 2.504 (x0.00), 2 s | 600 journeys: arrived 88.0 %, fell 0 | clutt 94 doorw 87 stair 94 corne 97 mover 100 low 100 mixed 81
ppo 134: reward/step +0.028, pg -0.007 v 0.452 ent 1.020 bc 2.523 (x0.00), 2 s | 600 journeys: arrived 88.7 %, fell 0 | clutt 91 doorw 86 stair 95 corne 92 mover 100 low 100 mixed 85
ppo 135: reward/step +0.023, pg -0.008 v 0.474 ent 1.016 bc 2.540 (x0.00), 2 s | 600 journeys: arrived 89.5 %, fell 0 | clutt 90 doorw 88 stair 97 corne 90 mover 100 low 100 mixed 85
ppo 136: reward/step +0.025, pg -0.008 v 0.466 ent 1.015 bc 2.493 (x0.00), 2 s | 600 journeys: arrived 87.7 %, fell 0 | clutt 90 doorw 87 stair 97 corne 94 mover 100 low 100 mixed 80
ppo 137: reward/step +0.029, pg -0.008 v 0.507 ent 1.038 bc 2.470 (x0.00), 2 s | 600 journeys: arrived 87.0 %, fell 0 | clutt 81 doorw 88 stair 97 corne 90 mover 100 low 100 mixed 80
ppo 138: reward/step +0.025, pg -0.008 v 0.476 ent 1.037 bc 2.444 (x0.00), 2 s | 600 journeys: arrived 89.8 %, fell 0 | clutt 89 doorw 87 stair 97 corne 94 mover 100 low 100 mixed 86
ppo 139: reward/step +0.026, pg -0.007 v 0.432 ent 1.026 bc 2.475 (x0.00), 3 s | 600 journeys: arrived 89.8 %, fell 1 | clutt 95 doorw 88 stair 96 corne 96 mover 100 low 100 mixed 82
bench at 139: arrived 393/420, fell 0, off 0, timeout 21, failed 6, secs 70.0, bumps 0.77
ppo 140: reward/step +0.026, pg -0.007 v 0.433 ent 1.018 bc 2.501 (x0.00), 2 s | 600 journeys: arrived 89.0 %, fell 1 | clutt 97 doorw 89 stair 95 corne 94 mover 100 low 100 mixed 81
ppo 141: reward/step +0.023, pg -0.008 v 0.478 ent 1.023 bc 2.429 (x0.00), 2 s | 600 journeys: arrived 88.0 %, fell 0 | clutt 93 doorw 85 stair 95 corne 93 mover 100 low 100 mixed 83
ppo 142: reward/step +0.025, pg -0.007 v 0.487 ent 1.024 bc 2.488 (x0.00), 2 s | 600 journeys: arrived 87.7 %, fell 0 | clutt 93 doorw 85 stair 95 corne 96 mover 100 low 100 mixed 80
ppo 143: reward/step +0.025, pg -0.007 v 0.501 ent 1.028 bc 2.476 (x0.00), 2 s | 600 journeys: arrived 87.8 %, fell 0 | clutt 87 doorw 86 stair 96 corne 97 mover 100 low 100 mixed 80
ppo 144: reward/step +0.027, pg -0.008 v 0.515 ent 1.031 bc 2.521 (x0.00), 2 s | 600 journeys: arrived 87.3 %, fell 0 | clutt 87 doorw 86 stair 96 corne 90 mover 100 low 100 mixed 81
ppo 145: reward/step +0.024, pg -0.007 v 0.524 ent 1.020 bc 2.523 (x0.00), 2 s | 600 journeys: arrived 88.5 %, fell 0 | clutt 91 doorw 87 stair 96 corne 88 mover 100 low 100 mixed 83
ppo 146: reward/step +0.028, pg -0.007 v 0.550 ent 1.018 bc 2.606 (x0.00), 2 s | 600 journeys: arrived 88.3 %, fell 0 | clutt 89 doorw 84 stair 98 corne 95 mover 100 low 100 mixed 85
ppo 147: reward/step +0.026, pg -0.007 v 0.569 ent 1.018 bc 2.553 (x0.00), 2 s | 600 journeys: arrived 88.8 %, fell 0 | clutt 100 doorw 86 stair 97 corne 92 mover 100 low 100 mixed 84
ppo 148: reward/step +0.027, pg -0.007 v 0.505 ent 1.019 bc 2.600 (x0.00), 2 s | 600 journeys: arrived 89.3 %, fell 0 | clutt 93 doorw 89 stair 92 corne 92 mover 100 low 100 mixed 84
ppo 149: reward/step +0.028, pg -0.007 v 0.462 ent 1.006 bc 2.604 (x0.00), 2 s | 600 journeys: arrived 89.3 %, fell 0 | clutt 90 doorw 90 stair 91 corne 99 mover 100 low 100 mixed 82
ppo 150: reward/step +0.026, pg -0.007 v 0.498 ent 1.007 bc 2.661 (x0.00), 2 s | 600 journeys: arrived 90.3 %, fell 0 | clutt 89 doorw 93 stair 94 corne 96 mover 100 low 100 mixed 82
ppo 151: reward/step +0.028, pg -0.007 v 0.420 ent 1.004 bc 2.675 (x0.00), 2 s | 600 journeys: arrived 90.7 %, fell 0 | clutt 91 doorw 95 stair 98 corne 92 mover 97 low 100 mixed 81
ppo 152: reward/step +0.027, pg -0.007 v 0.446 ent 0.993 bc 2.682 (x0.00), 2 s | 600 journeys: arrived 90.5 %, fell 0 | clutt 100 doorw 91 stair 100 corne 94 mover 97 low 97 mixed 83
ppo 153: reward/step +0.028, pg -0.007 v 0.436 ent 0.999 bc 2.661 (x0.00), 2 s | 600 journeys: arrived 88.0 %, fell 0 | clutt 93 doorw 85 stair 100 corne 95 mover 100 low 97 mixed 81
ppo 154: reward/step +0.028, pg -0.007 v 0.458 ent 0.990 bc 2.635 (x0.00), 2 s | 600 journeys: arrived 89.0 %, fell 0 | clutt 91 doorw 89 stair 98 corne 97 mover 100 low 100 mixed 80
ppo 155: reward/step +0.025, pg -0.006 v 0.575 ent 0.997 bc 2.624 (x0.00), 2 s | 600 journeys: arrived 91.0 %, fell 0 | clutt 95 doorw 91 stair 98 corne 95 mover 100 low 100 mixed 84
ppo 156: reward/step +0.024, pg -0.006 v 0.594 ent 1.010 bc 2.624 (x0.00), 2 s | 600 journeys: arrived 88.7 %, fell 0 | clutt 93 doorw 87 stair 99 corne 94 mover 100 low 100 mixed 81
ppo 157: reward/step +0.030, pg -0.006 v 0.470 ent 1.022 bc 2.632 (x0.00), 2 s | 600 journeys: arrived 88.7 %, fell 0 | clutt 93 doorw 87 stair 97 corne 93 mover 100 low 100 mixed 82
ppo 158: reward/step +0.025, pg -0.007 v 0.475 ent 1.008 bc 2.659 (x0.00), 2 s | 600 journeys: arrived 89.5 %, fell 0 | clutt 97 doorw 86 stair 97 corne 88 mover 100 low 100 mixed 86
ppo 159: reward/step +0.029, pg -0.006 v 0.460 ent 1.003 bc 2.593 (x0.00), 2 s | 600 journeys: arrived 88.7 %, fell 0 | clutt 100 doorw 85 stair 99 corne 89 mover 100 low 100 mixed 83
bench at 159: arrived 394/420, fell 0, off 0, timeout 20, failed 6, secs 68.2, bumps 0.82
  best so far (update 159)
ppo 160: reward/step +0.025, pg -0.006 v 0.466 ent 1.005 bc 2.611 (x0.00), 3 s | 600 journeys: arrived 87.3 %, fell 0 | clutt 97 doorw 84 stair 100 corne 94 mover 100 low 100 mixed 80
ppo 161: reward/step +0.027, pg -0.006 v 0.473 ent 1.013 bc 2.654 (x0.00), 3 s | 600 journeys: arrived 86.8 %, fell 0 | clutt 96 doorw 80 stair 98 corne 94 mover 100 low 100 mixed 83
ppo 162: reward/step +0.029, pg -0.007 v 0.439 ent 1.007 bc 2.636 (x0.00), 3 s | 600 journeys: arrived 89.0 %, fell 0 | clutt 88 doorw 87 stair 97 corne 93 mover 100 low 100 mixed 83
ppo 163: reward/step +0.024, pg -0.006 v 0.499 ent 1.005 bc 2.678 (x0.00), 3 s | 600 journeys: arrived 88.7 %, fell 0 | clutt 89 doorw 89 stair 97 corne 96 mover 100 low 100 mixed 77
ppo 164: reward/step +0.025, pg -0.006 v 0.481 ent 0.998 bc 2.701 (x0.00), 3 s | 600 journeys: arrived 87.0 %, fell 0 | clutt 97 doorw 86 stair 95 corne 90 mover 100 low 100 mixed 77
ppo 165: reward/step +0.023, pg -0.006 v 0.477 ent 1.006 bc 2.656 (x0.00), 2 s | 600 journeys: arrived 87.2 %, fell 0 | clutt 94 doorw 87 stair 95 corne 90 mover 100 low 100 mixed 79
ppo 166: reward/step +0.026, pg -0.006 v 0.478 ent 1.016 bc 2.632 (x0.00), 3 s | 600 journeys: arrived 87.3 %, fell 0 | clutt 96 doorw 87 stair 97 corne 95 mover 100 low 100 mixed 78
ppo 167: reward/step +0.028, pg -0.007 v 0.474 ent 1.011 bc 2.680 (x0.00), 3 s | 600 journeys: arrived 88.0 %, fell 0 | clutt 90 doorw 86 stair 96 corne 91 mover 100 low 100 mixed 83
ppo 168: reward/step +0.027, pg -0.006 v 0.452 ent 1.007 bc 2.612 (x0.00), 2 s | 600 journeys: arrived 88.8 %, fell 0 | clutt 88 doorw 87 stair 98 corne 89 mover 100 low 100 mixed 83
ppo 169: reward/step +0.026, pg -0.006 v 0.479 ent 0.996 bc 2.644 (x0.00), 3 s | 600 journeys: arrived 88.7 %, fell 0 | clutt 100 doorw 91 stair 98 corne 89 mover 100 low 98 mixed 76
ppo 170: reward/step +0.028, pg -0.007 v 0.463 ent 1.013 bc 2.633 (x0.00), 2 s | 600 journeys: arrived 86.7 %, fell 0 | clutt 95 doorw 86 stair 99 corne 90 mover 100 low 97 mixed 76
ppo 171: reward/step +0.030, pg -0.007 v 0.479 ent 1.009 bc 2.698 (x0.00), 2 s | 600 journeys: arrived 88.5 %, fell 0 | clutt 92 doorw 88 stair 97 corne 89 mover 100 low 100 mixed 82
ppo 172: reward/step +0.024, pg -0.006 v 0.625 ent 1.000 bc 2.721 (x0.00), 2 s | 600 journeys: arrived 88.5 %, fell 0 | clutt 94 doorw 89 stair 97 corne 85 mover 100 low 100 mixed 82
ppo 173: reward/step +0.026, pg -0.006 v 0.477 ent 0.993 bc 2.670 (x0.00), 2 s | 600 journeys: arrived 87.3 %, fell 0 | clutt 91 doorw 89 stair 98 corne 86 mover 100 low 100 mixed 76
ppo 174: reward/step +0.026, pg -0.006 v 0.470 ent 0.999 bc 2.692 (x0.00), 3 s | 600 journeys: arrived 86.8 %, fell 0 | clutt 91 doorw 86 stair 98 corne 92 mover 100 low 100 mixed 77
ppo 175: reward/step +0.030, pg -0.006 v 0.478 ent 1.008 bc 2.682 (x0.00), 3 s | 600 journeys: arrived 88.0 %, fell 0 | clutt 92 doorw 84 stair 98 corne 91 mover 100 low 100 mixed 84
ppo 176: reward/step +0.026, pg -0.006 v 0.475 ent 0.993 bc 2.728 (x0.00), 2 s | 600 journeys: arrived 90.7 %, fell 0 | clutt 94 doorw 87 stair 98 corne 95 mover 100 low 100 mixed 87
ppo 177: reward/step +0.028, pg -0.006 v 0.481 ent 0.994 bc 2.706 (x0.00), 3 s | 600 journeys: arrived 90.7 %, fell 0 | clutt 97 doorw 87 stair 100 corne 98 mover 100 low 100 mixed 84
ppo 178: reward/step +0.026, pg -0.005 v 0.515 ent 0.992 bc 2.748 (x0.00), 2 s | 600 journeys: arrived 90.7 %, fell 0 | clutt 94 doorw 89 stair 97 corne 95 mover 100 low 100 mixed 86
ppo 179: reward/step +0.024, pg -0.006 v 0.514 ent 0.985 bc 2.726 (x0.00), 2 s | 600 journeys: arrived 90.0 %, fell 0 | clutt 97 doorw 88 stair 95 corne 92 mover 100 low 100 mixed 86
bench at 179: arrived 389/420, fell 0, off 0, timeout 24, failed 7, secs 68.0, bumps 0.86
ppo 180: reward/step +0.027, pg -0.005 v 0.420 ent 0.988 bc 2.688 (x0.00), 3 s | 600 journeys: arrived 89.3 %, fell 0 | clutt 100 doorw 88 stair 98 corne 90 mover 100 low 100 mixed 83
ppo 181: reward/step +0.027, pg -0.006 v 0.432 ent 0.989 bc 2.675 (x0.00), 2 s | 600 journeys: arrived 88.8 %, fell 0 | clutt 92 doorw 91 stair 98 corne 92 mover 100 low 100 mixed 79
ppo 182: reward/step +0.026, pg -0.006 v 0.482 ent 0.985 bc 2.618 (x0.00), 2 s | 600 journeys: arrived 88.2 %, fell 0 | clutt 81 doorw 88 stair 96 corne 90 mover 100 low 100 mixed 84
ppo 183: reward/step +0.026, pg -0.006 v 0.514 ent 1.000 bc 2.638 (x0.00), 2 s | 600 journeys: arrived 86.7 %, fell 0 | clutt 83 doorw 82 stair 92 corne 91 mover 100 low 100 mixed 85
ppo 184: reward/step +0.024, pg -0.006 v 0.539 ent 0.992 bc 2.681 (x0.00), 2 s | 600 journeys: arrived 86.2 %, fell 0 | clutt 96 doorw 85 stair 94 corne 93 mover 100 low 100 mixed 76
ppo 185: reward/step +0.025, pg -0.006 v 0.554 ent 0.997 bc 2.680 (x0.00), 3 s | 600 journeys: arrived 88.7 %, fell 0 | clutt 93 doorw 90 stair 98 corne 94 mover 100 low 100 mixed 77
ppo 186: reward/step +0.025, pg -0.006 v 0.492 ent 0.992 bc 2.652 (x0.00), 2 s | 600 journeys: arrived 88.3 %, fell 0 | clutt 92 doorw 86 stair 97 corne 97 mover 100 low 100 mixed 81
ppo 187: reward/step +0.029, pg -0.006 v 0.479 ent 0.974 bc 2.625 (x0.00), 2 s | 600 journeys: arrived 89.0 %, fell 0 | clutt 96 doorw 87 stair 95 corne 94 mover 100 low 100 mixed 84
ppo 188: reward/step +0.026, pg -0.006 v 0.481 ent 0.988 bc 2.748 (x0.00), 2 s | 600 journeys: arrived 89.3 %, fell 0 | clutt 96 doorw 89 stair 97 corne 94 mover 100 low 100 mixed 82
ppo 189: reward/step +0.029, pg -0.006 v 0.446 ent 0.991 bc 2.699 (x0.00), 3 s | 600 journeys: arrived 88.5 %, fell 0 | clutt 100 doorw 88 stair 100 corne 98 mover 100 low 100 mixed 78
ppo 190: reward/step +0.031, pg -0.005 v 0.492 ent 0.987 bc 2.664 (x0.00), 3 s | 600 journeys: arrived 90.0 %, fell 0 | clutt 94 doorw 89 stair 100 corne 97 mover 100 low 100 mixed 82
ppo 191: reward/step +0.029, pg -0.006 v 0.538 ent 1.005 bc 2.678 (x0.00), 2 s | 600 journeys: arrived 89.3 %, fell 0 | clutt 92 doorw 89 stair 100 corne 95 mover 100 low 100 mixed 80
ppo 192: reward/step +0.026, pg -0.005 v 0.536 ent 1.005 bc 2.643 (x0.00), 2 s | 600 journeys: arrived 90.0 %, fell 0 | clutt 97 doorw 91 stair 97 corne 98 mover 100 low 100 mixed 80
ppo 193: reward/step +0.022, pg -0.005 v 0.537 ent 0.996 bc 2.706 (x0.00), 3 s | 600 journeys: arrived 90.0 %, fell 0 | clutt 97 doorw 87 stair 96 corne 100 mover 100 low 100 mixed 84
ppo 194: reward/step +0.029, pg -0.005 v 0.497 ent 1.017 bc 2.680 (x0.00), 3 s | 600 journeys: arrived 88.8 %, fell 0 | clutt 96 doorw 87 stair 96 corne 95 mover 100 low 100 mixed 83
ppo 195: reward/step +0.028, pg -0.005 v 0.490 ent 1.021 bc 2.729 (x0.00), 2 s | 600 journeys: arrived 88.7 %, fell 0 | clutt 100 doorw 88 stair 97 corne 95 mover 100 low 100 mixed 80
ppo 196: reward/step +0.027, pg -0.006 v 0.464 ent 1.017 bc 2.715 (x0.00), 2 s | 600 journeys: arrived 90.5 %, fell 0 | clutt 100 doorw 89 stair 97 corne 97 mover 100 low 100 mixed 84
ppo 197: reward/step +0.026, pg -0.005 v 0.544 ent 1.002 bc 2.705 (x0.00), 2 s | 600 journeys: arrived 91.0 %, fell 0 | clutt 97 doorw 91 stair 97 corne 96 mover 100 low 97 mixed 85
ppo 198: reward/step +0.028, pg -0.005 v 0.489 ent 0.996 bc 2.703 (x0.00), 2 s | 600 journeys: arrived 89.8 %, fell 0 | clutt 94 doorw 87 stair 97 corne 95 mover 100 low 97 mixed 85
ppo 199: reward/step +0.030, pg -0.005 v 0.467 ent 0.999 bc 2.675 (x0.00), 2 s | 600 journeys: arrived 89.8 %, fell 0 | clutt 88 doorw 88 stair 95 corne 94 mover 100 low 100 mixed 86
bench at 199: arrived 400/420, fell 0, off 0, timeout 16, failed 4, secs 70.7, bumps 0.85
  best so far (update 199)
ppo 200: reward/step +0.032, pg -0.005 v 0.547 ent 1.004 bc 2.754 (x0.00), 3 s | 600 journeys: arrived 90.5 %, fell 0 | clutt 84 doorw 93 stair 95 corne 90 mover 100 low 100 mixed 85
ppo 201: reward/step +0.030, pg -0.005 v 0.519 ent 1.004 bc 2.729 (x0.00), 2 s | 600 journeys: arrived 90.8 %, fell 0 | clutt 91 doorw 90 stair 99 corne 90 mover 100 low 97 mixed 87
ppo 202: reward/step +0.025, pg -0.005 v 0.542 ent 0.985 bc 2.771 (x0.00), 2 s | 600 journeys: arrived 91.7 %, fell 0 | clutt 92 doorw 88 stair 100 corne 95 mover 100 low 95 mixed 90
ppo 203: reward/step +0.022, pg -0.005 v 0.533 ent 0.983 bc 2.819 (x0.00), 2 s | 600 journeys: arrived 90.3 %, fell 0 | clutt 90 doorw 92 stair 96 corne 95 mover 100 low 96 mixed 83
ppo 204: reward/step +0.027, pg -0.006 v 0.515 ent 0.992 bc 2.694 (x0.00), 3 s | 600 journeys: arrived 88.0 %, fell 0 | clutt 97 doorw 90 stair 93 corne 94 mover 100 low 100 mixed 79
ppo 205: reward/step +0.028, pg -0.005 v 0.554 ent 1.000 bc 2.790 (x0.00), 3 s | 600 journeys: arrived 88.0 %, fell 0 | clutt 100 doorw 88 stair 92 corne 91 mover 100 low 97 mixed 81
ppo 206: reward/step +0.026, pg -0.005 v 0.503 ent 1.001 bc 2.691 (x0.00), 2 s | 600 journeys: arrived 89.5 %, fell 0 | clutt 90 doorw 90 stair 92 corne 93 mover 100 low 94 mixed 85
ppo 207: reward/step +0.029, pg -0.005 v 0.450 ent 0.992 bc 2.658 (x0.00), 3 s | 600 journeys: arrived 90.2 %, fell 0 | clutt 88 doorw 90 stair 95 corne 98 mover 100 low 95 mixed 84
ppo 208: reward/step +0.031, pg -0.005 v 0.477 ent 0.997 bc 2.686 (x0.00), 2 s | 600 journeys: arrived 90.5 %, fell 0 | clutt 93 doorw 91 stair 98 corne 98 mover 100 low 100 mixed 81
ppo 209: reward/step +0.030, pg -0.005 v 0.496 ent 1.007 bc 2.674 (x0.00), 2 s | 600 journeys: arrived 89.5 %, fell 0 | clutt 96 doorw 87 stair 95 corne 98 mover 100 low 100 mixed 81
ppo 210: reward/step +0.027, pg -0.005 v 0.452 ent 0.992 bc 2.648 (x0.00), 2 s | 600 journeys: arrived 90.0 %, fell 0 | clutt 100 doorw 87 stair 95 corne 95 mover 100 low 100 mixed 84
ppo 211: reward/step +0.025, pg -0.005 v 0.490 ent 1.005 bc 2.673 (x0.00), 3 s | 600 journeys: arrived 89.7 %, fell 0 | clutt 100 doorw 91 stair 97 corne 96 mover 100 low 100 mixed 79
ppo 212: reward/step +0.026, pg -0.005 v 0.549 ent 1.007 bc 2.721 (x0.00), 2 s | 600 journeys: arrived 89.2 %, fell 0 | clutt 100 doorw 90 stair 98 corne 95 mover 100 low 100 mixed 79
ppo 213: reward/step +0.026, pg -0.005 v 0.463 ent 1.011 bc 2.669 (x0.00), 2 s | 600 journeys: arrived 89.5 %, fell 0 | clutt 90 doorw 91 stair 100 corne 95 mover 100 low 100 mixed 81
ppo 214: reward/step +0.025, pg -0.004 v 0.563 ent 1.007 bc 2.734 (x0.00), 2 s | 600 journeys: arrived 89.3 %, fell 0 | clutt 83 doorw 88 stair 97 corne 99 mover 100 low 100 mixed 82
ppo 215: reward/step +0.029, pg -0.004 v 0.630 ent 1.021 bc 2.717 (x0.00), 3 s | 600 journeys: arrived 89.0 %, fell 0 | clutt 94 doorw 83 stair 95 corne 97 mover 97 low 100 mixed 85
ppo 216: reward/step +0.028, pg -0.004 v 0.535 ent 1.012 bc 2.685 (x0.00), 2 s | 600 journeys: arrived 89.8 %, fell 0 | clutt 100 doorw 84 stair 98 corne 96 mover 100 low 100 mixed 87
ppo 217: reward/step +0.035, pg -0.004 v 0.504 ent 1.016 bc 2.656 (x0.00), 2 s | 600 journeys: arrived 91.3 %, fell 0 | clutt 93 doorw 85 stair 99 corne 98 mover 100 low 100 mixed 89
ppo 218: reward/step +0.031, pg -0.004 v 0.499 ent 0.997 bc 2.671 (x0.00), 2 s | 600 journeys: arrived 91.8 %, fell 0 | clutt 90 doorw 88 stair 95 corne 94 mover 100 low 100 mixed 90
ppo 219: reward/step +0.027, pg -0.004 v 0.501 ent 1.003 bc 2.704 (x0.00), 2 s | 600 journeys: arrived 90.0 %, fell 0 | clutt 100 doorw 88 stair 95 corne 91 mover 100 low 100 mixed 85
bench at 219: arrived 389/420, fell 0, off 0, timeout 23, failed 8, secs 68.0, bumps 0.81
ppo 220: reward/step +0.029, pg -0.004 v 0.506 ent 0.991 bc 2.713 (x0.00), 3 s | 600 journeys: arrived 88.8 %, fell 0 | clutt 97 doorw 85 stair 96 corne 93 mover 97 low 100 mixed 84
ppo 221: reward/step +0.030, pg -0.004 v 0.483 ent 0.998 bc 2.687 (x0.00), 2 s | 600 journeys: arrived 89.5 %, fell 0 | clutt 94 doorw 89 stair 92 corne 93 mover 100 low 100 mixed 84
ppo 222: reward/step +0.027, pg -0.004 v 0.495 ent 0.992 bc 2.750 (x0.00), 2 s | 600 journeys: arrived 91.3 %, fell 0 | clutt 94 doorw 92 stair 95 corne 94 mover 100 low 100 mixed 85
ppo 223: reward/step +0.030, pg -0.004 v 0.464 ent 0.984 bc 2.762 (x0.00), 2 s | 600 journeys: arrived 89.8 %, fell 0 | clutt 93 doorw 89 stair 98 corne 95 mover 100 low 100 mixed 82
ppo 224: reward/step +0.026, pg -0.004 v 0.486 ent 0.984 bc 2.744 (x0.00), 2 s | 600 journeys: arrived 88.2 %, fell 0 | clutt 93 doorw 88 stair 93 corne 95 mover 100 low 96 mixed 80
ppo 225: reward/step +0.023, pg -0.004 v 0.466 ent 0.964 bc 2.760 (x0.00), 2 s | 600 journeys: arrived 89.0 %, fell 0 | clutt 96 doorw 88 stair 95 corne 97 mover 100 low 97 mixed 80
ppo 226: reward/step +0.024, pg -0.004 v 0.490 ent 0.978 bc 2.821 (x0.00), 2 s | 600 journeys: arrived 88.0 %, fell 0 | clutt 100 doorw 86 stair 98 corne 95 mover 100 low 100 mixed 79
ppo 227: reward/step +0.026, pg -0.004 v 0.504 ent 0.985 bc 2.720 (x0.00), 2 s | 600 journeys: arrived 85.7 %, fell 0 | clutt 91 doorw 86 stair 97 corne 89 mover 100 low 100 mixed 76
ppo 228: reward/step +0.030, pg -0.004 v 0.453 ent 0.994 bc 2.764 (x0.00), 2 s | 600 journeys: arrived 88.7 %, fell 0 | clutt 88 doorw 88 stair 98 corne 93 mover 100 low 100 mixed 82
ppo 229: reward/step +0.029, pg -0.004 v 0.525 ent 0.991 bc 2.773 (x0.00), 2 s | 600 journeys: arrived 92.3 %, fell 0 | clutt 98 doorw 88 stair 100 corne 94 mover 100 low 100 mixed 90
ppo 230: reward/step +0.029, pg -0.003 v 0.461 ent 0.977 bc 2.737 (x0.00), 2 s | 600 journeys: arrived 90.0 %, fell 0 | clutt 100 doorw 84 stair 98 corne 89 mover 100 low 100 mixed 88
ppo 231: reward/step +0.028, pg -0.004 v 0.555 ent 0.974 bc 2.779 (x0.00), 3 s | 600 journeys: arrived 88.8 %, fell 0 | clutt 100 doorw 85 stair 96 corne 91 mover 100 low 100 mixed 84
ppo 232: reward/step +0.028, pg -0.003 v 0.501 ent 0.980 bc 2.840 (x0.00), 3 s | 600 journeys: arrived 90.3 %, fell 0 | clutt 93 doorw 88 stair 98 corne 91 mover 100 low 100 mixed 85
ppo 233: reward/step +0.024, pg -0.003 v 0.525 ent 0.973 bc 2.819 (x0.00), 2 s | 600 journeys: arrived 90.3 %, fell 0 | clutt 88 doorw 88 stair 100 corne 88 mover 100 low 100 mixed 88
ppo 234: reward/step +0.024, pg -0.003 v 0.534 ent 0.968 bc 2.842 (x0.00), 2 s | 600 journeys: arrived 87.5 %, fell 0 | clutt 95 doorw 85 stair 100 corne 92 mover 100 low 100 mixed 82
ppo 235: reward/step +0.028, pg -0.003 v 0.530 ent 0.975 bc 2.895 (x0.00), 2 s | 600 journeys: arrived 87.7 %, fell 0 | clutt 91 doorw 85 stair 100 corne 100 mover 100 low 100 mixed 80
ppo 236: reward/step +0.033, pg -0.003 v 0.516 ent 0.967 bc 2.818 (x0.00), 2 s | 600 journeys: arrived 90.3 %, fell 0 | clutt 91 doorw 87 stair 100 corne 96 mover 100 low 100 mixed 86
ppo 237: reward/step +0.026, pg -0.003 v 0.434 ent 0.965 bc 2.849 (x0.00), 3 s | 600 journeys: arrived 89.5 %, fell 0 | clutt 91 doorw 86 stair 99 corne 89 mover 100 low 100 mixed 86
ppo 238: reward/step +0.025, pg -0.004 v 0.471 ent 0.947 bc 2.871 (x0.00), 2 s | 600 journeys: arrived 89.8 %, fell 0 | clutt 94 doorw 86 stair 99 corne 92 mover 100 low 100 mixed 86
ppo 239: reward/step +0.023, pg -0.003 v 0.456 ent 0.940 bc 2.871 (x0.00), 2 s | 600 journeys: arrived 88.5 %, fell 0 | clutt 90 doorw 83 stair 97 corne 95 mover 100 low 100 mixed 85
bench at 239: arrived 401/420, fell 0, off 0, timeout 17, failed 2, secs 68.8, bumps 0.92
  best so far (update 239)
ppo 240: reward/step +0.028, pg -0.003 v 0.465 ent 0.941 bc 2.911 (x0.00), 3 s | 600 journeys: arrived 86.3 %, fell 0 | clutt 85 doorw 82 stair 97 corne 92 mover 100 low 100 mixed 81
ppo 241: reward/step +0.028, pg -0.003 v 0.562 ent 0.960 bc 2.874 (x0.00), 2 s | 600 journeys: arrived 87.8 %, fell 0 | clutt 93 doorw 85 stair 100 corne 91 mover 100 low 100 mixed 82
ppo 242: reward/step +0.035, pg -0.003 v 0.542 ent 0.958 bc 2.788 (x0.00), 2 s | 600 journeys: arrived 88.8 %, fell 0 | clutt 91 doorw 88 stair 100 corne 84 mover 100 low 96 mixed 86
ppo 243: reward/step +0.033, pg -0.003 v 0.489 ent 0.965 bc 2.820 (x0.00), 2 s | 600 journeys: arrived 90.7 %, fell 0 | clutt 90 doorw 90 stair 100 corne 89 mover 100 low 96 mixed 87
ppo 244: reward/step +0.027, pg -0.003 v 0.486 ent 0.962 bc 2.875 (x0.00), 2 s | 600 journeys: arrived 91.0 %, fell 0 | clutt 93 doorw 89 stair 100 corne 91 mover 100 low 100 mixed 87
ppo 245: reward/step +0.031, pg -0.003 v 0.508 ent 0.962 bc 2.857 (x0.00), 2 s | 600 journeys: arrived 90.0 %, fell 0 | clutt 100 doorw 89 stair 99 corne 88 mover 100 low 100 mixed 84
ppo 246: reward/step +0.027, pg -0.003 v 0.491 ent 0.956 bc 2.817 (x0.00), 2 s | 600 journeys: arrived 89.0 %, fell 0 | clutt 100 doorw 86 stair 97 corne 91 mover 100 low 100 mixed 84
ppo 247: reward/step +0.032, pg -0.003 v 0.472 ent 0.966 bc 2.869 (x0.00), 2 s | 600 journeys: arrived 90.2 %, fell 0 | clutt 97 doorw 88 stair 96 corne 95 mover 100 low 100 mixed 84
ppo 248: reward/step +0.033, pg -0.003 v 0.452 ent 0.966 bc 2.858 (x0.00), 2 s | 600 journeys: arrived 91.3 %, fell 0 | clutt 100 doorw 88 stair 98 corne 95 mover 100 low 100 mixed 87
ppo 249: reward/step +0.031, pg -0.003 v 0.528 ent 0.967 bc 2.815 (x0.00), 2 s | 600 journeys: arrived 91.2 %, fell 0 | clutt 100 doorw 88 stair 97 corne 94 mover 100 low 100 mixed 88
ppo 250: reward/step +0.031, pg -0.003 v 0.479 ent 0.971 bc 2.929 (x0.00), 2 s | 600 journeys: arrived 90.8 %, fell 0 | clutt 100 doorw 88 stair 97 corne 97 mover 100 low 100 mixed 85
ppo 251: reward/step +0.035, pg -0.003 v 0.470 ent 0.975 bc 2.839 (x0.00), 3 s | 600 journeys: arrived 92.2 %, fell 0 | clutt 100 doorw 89 stair 98 corne 100 mover 100 low 100 mixed 87
ppo 252: reward/step +0.029, pg -0.002 v 0.500 ent 0.962 bc 2.796 (x0.00), 2 s | 600 journeys: arrived 91.2 %, fell 0 | clutt 95 doorw 88 stair 100 corne 95 mover 100 low 100 mixed 87
ppo 253: reward/step +0.028, pg -0.003 v 0.455 ent 0.944 bc 2.798 (x0.00), 2 s | 600 journeys: arrived 90.3 %, fell 0 | clutt 85 doorw 87 stair 100 corne 92 mover 100 low 100 mixed 86
ppo 254: reward/step +0.029, pg -0.003 v 0.488 ent 0.945 bc 2.859 (x0.00), 3 s | 600 journeys: arrived 89.7 %, fell 0 | clutt 88 doorw 90 stair 97 corne 91 mover 100 low 100 mixed 83
ppo 255: reward/step +0.031, pg -0.003 v 0.486 ent 0.953 bc 2.838 (x0.00), 2 s | 600 journeys: arrived 88.8 %, fell 0 | clutt 93 doorw 90 stair 96 corne 86 mover 100 low 100 mixed 83
ppo 256: reward/step +0.026, pg -0.002 v 0.525 ent 0.963 bc 2.861 (x0.00), 2 s | 600 journeys: arrived 88.5 %, fell 0 | clutt 93 doorw 88 stair 100 corne 87 mover 97 low 100 mixed 81
ppo 257: reward/step +0.027, pg -0.003 v 0.512 ent 0.951 bc 2.902 (x0.00), 2 s | 600 journeys: arrived 88.5 %, fell 0 | clutt 89 doorw 88 stair 99 corne 92 mover 97 low 100 mixed 80
ppo 258: reward/step +0.027, pg -0.002 v 0.467 ent 0.947 bc 2.892 (x0.00), 2 s | 600 journeys: arrived 89.7 %, fell 0 | clutt 89 doorw 87 stair 99 corne 92 mover 100 low 100 mixed 84
ppo 259: reward/step +0.030, pg -0.002 v 0.432 ent 0.948 bc 2.835 (x0.00), 2 s | 600 journeys: arrived 88.8 %, fell 0 | clutt 95 doorw 86 stair 98 corne 95 mover 100 low 100 mixed 83
bench at 259: arrived 398/420, fell 0, off 0, timeout 16, failed 6, secs 70.1, bumps 0.61
ppo 260: reward/step +0.028, pg -0.002 v 0.472 ent 0.952 bc 2.841 (x0.00), 3 s | 600 journeys: arrived 88.0 %, fell 0 | clutt 94 doorw 84 stair 98 corne 97 mover 100 low 100 mixed 81
ppo 261: reward/step +0.028, pg -0.002 v 0.442 ent 0.951 bc 2.901 (x0.00), 2 s | 600 journeys: arrived 89.3 %, fell 0 | clutt 84 doorw 86 stair 97 corne 94 mover 100 low 100 mixed 86
ppo 262: reward/step +0.028, pg -0.002 v 0.460 ent 0.954 bc 2.870 (x0.00), 2 s | 600 journeys: arrived 89.2 %, fell 0 | clutt 89 doorw 89 stair 97 corne 95 mover 100 low 100 mixed 82
ppo 263: reward/step +0.031, pg -0.002 v 0.459 ent 0.969 bc 2.892 (x0.00), 2 s | 600 journeys: arrived 88.2 %, fell 0 | clutt 92 doorw 84 stair 99 corne 94 mover 97 low 100 mixed 82
ppo 264: reward/step +0.030, pg -0.002 v 0.486 ent 0.959 bc 2.855 (x0.00), 2 s | 600 journeys: arrived 89.5 %, fell 0 | clutt 89 doorw 85 stair 99 corne 96 mover 97 low 100 mixed 86
ppo 265: reward/step +0.027, pg -0.002 v 0.537 ent 0.969 bc 2.940 (x0.00), 2 s | 600 journeys: arrived 89.5 %, fell 0 | clutt 92 doorw 88 stair 97 corne 96 mover 100 low 100 mixed 83
ppo 266: reward/step +0.028, pg -0.002 v 0.559 ent 0.969 bc 2.839 (x0.00), 2 s | 600 journeys: arrived 87.5 %, fell 0 | clutt 92 doorw 83 stair 98 corne 96 mover 100 low 100 mixed 82
ppo 267: reward/step +0.028, pg -0.002 v 0.539 ent 0.963 bc 2.854 (x0.00), 2 s | 600 journeys: arrived 88.8 %, fell 0 | clutt 93 doorw 83 stair 100 corne 96 mover 100 low 100 mixed 85
ppo 268: reward/step +0.028, pg -0.002 v 0.587 ent 0.980 bc 2.835 (x0.00), 2 s | 600 journeys: arrived 90.0 %, fell 0 | clutt 86 doorw 89 stair 98 corne 95 mover 100 low 97 mixed 83
ppo 269: reward/step +0.032, pg -0.002 v 0.493 ent 0.958 bc 2.848 (x0.00), 2 s | 600 journeys: arrived 90.8 %, fell 0 | clutt 92 doorw 92 stair 97 corne 89 mover 100 low 97 mixed 85
ppo 270: reward/step +0.026, pg -0.002 v 0.559 ent 0.959 bc 2.879 (x0.00), 3 s | 600 journeys: arrived 90.7 %, fell 0 | clutt 93 doorw 90 stair 97 corne 88 mover 100 low 100 mixed 86
ppo 271: reward/step +0.029, pg -0.002 v 0.507 ent 0.963 bc 2.872 (x0.00), 3 s | 600 journeys: arrived 88.7 %, fell 0 | clutt 96 doorw 87 stair 96 corne 91 mover 100 low 96 mixed 84
ppo 272: reward/step +0.028, pg -0.002 v 0.520 ent 0.960 bc 2.886 (x0.00), 3 s | 600 journeys: arrived 89.0 %, fell 0 | clutt 97 doorw 89 stair 98 corne 94 mover 93 low 100 mixed 81
ppo 273: reward/step +0.026, pg -0.001 v 0.571 ent 0.958 bc 2.935 (x0.00), 2 s | 600 journeys: arrived 89.2 %, fell 0 | clutt 93 doorw 89 stair 94 corne 94 mover 94 low 96 mixed 83
ppo 274: reward/step +0.028, pg -0.002 v 0.501 ent 0.950 bc 2.919 (x0.00), 2 s | 600 journeys: arrived 89.5 %, fell 0 | clutt 95 doorw 85 stair 93 corne 91 mover 100 low 97 mixed 88
ppo 275: reward/step +0.025, pg -0.002 v 0.524 ent 0.954 bc 2.851 (x0.00), 2 s | 600 journeys: arrived 89.3 %, fell 0 | clutt 98 doorw 85 stair 99 corne 93 mover 100 low 100 mixed 84
ppo 276: reward/step +0.024, pg -0.002 v 0.520 ent 0.952 bc 2.861 (x0.00), 2 s | 600 journeys: arrived 87.3 %, fell 0 | clutt 95 doorw 84 stair 98 corne 96 mover 100 low 100 mixed 80
ppo 277: reward/step +0.030, pg -0.002 v 0.561 ent 0.969 bc 2.879 (x0.00), 3 s | 600 journeys: arrived 87.8 %, fell 0 | clutt 94 doorw 83 stair 98 corne 98 mover 100 low 100 mixed 82
ppo 278: reward/step +0.032, pg -0.002 v 0.558 ent 0.973 bc 2.847 (x0.00), 2 s | 600 journeys: arrived 89.8 %, fell 0 | clutt 89 doorw 84 stair 100 corne 97 mover 100 low 100 mixed 86
ppo 279: reward/step +0.032, pg -0.002 v 0.533 ent 0.975 bc 2.882 (x0.00), 2 s | 600 journeys: arrived 90.5 %, fell 0 | clutt 92 doorw 87 stair 99 corne 96 mover 100 low 100 mixed 85
bench at 279: arrived 397/420, fell 0, off 0, timeout 18, failed 5, secs 67.7, bumps 0.83
ppo 280: reward/step +0.030, pg -0.002 v 0.592 ent 0.966 bc 2.943 (x0.00), 2 s | 600 journeys: arrived 90.5 %, fell 0 | clutt 93 doorw 90 stair 97 corne 94 mover 100 low 91 mixed 85
ppo 281: reward/step +0.032, pg -0.002 v 0.528 ent 0.963 bc 2.945 (x0.00), 2 s | 600 journeys: arrived 90.0 %, fell 0 | clutt 85 doorw 88 stair 97 corne 92 mover 100 low 91 mixed 88
ppo 282: reward/step +0.034, pg -0.002 v 0.504 ent 0.972 bc 2.911 (x0.00), 2 s | 600 journeys: arrived 91.0 %, fell 0 | clutt 90 doorw 91 stair 97 corne 92 mover 100 low 100 mixed 85
ppo 283: reward/step +0.033, pg -0.002 v 0.483 ent 0.974 bc 2.931 (x0.00), 3 s | 600 journeys: arrived 92.2 %, fell 0 | clutt 94 doorw 92 stair 97 corne 96 mover 100 low 100 mixed 87
ppo 284: reward/step +0.026, pg -0.001 v 0.557 ent 0.964 bc 2.930 (x0.00), 2 s | 600 journeys: arrived 91.7 %, fell 0 | clutt 95 doorw 88 stair 98 corne 98 mover 100 low 100 mixed 89
ppo 285: reward/step +0.026, pg -0.002 v 0.590 ent 0.957 bc 2.848 (x0.00), 2 s | 600 journeys: arrived 90.3 %, fell 0 | clutt 100 doorw 89 stair 94 corne 95 mover 100 low 100 mixed 85
ppo 286: reward/step +0.028, pg -0.002 v 0.524 ent 0.967 bc 2.871 (x0.00), 2 s | 600 journeys: arrived 87.7 %, fell 0 | clutt 97 doorw 87 stair 95 corne 96 mover 100 low 100 mixed 79
ppo 287: reward/step +0.030, pg -0.001 v 0.579 ent 0.968 bc 2.923 (x0.00), 3 s | 600 journeys: arrived 89.5 %, fell 0 | clutt 92 doorw 89 stair 98 corne 97 mover 100 low 100 mixed 80
ppo 288: reward/step +0.026, pg -0.002 v 0.549 ent 0.969 bc 2.912 (x0.00), 2 s | 600 journeys: arrived 89.7 %, fell 0 | clutt 84 doorw 89 stair 97 corne 95 mover 100 low 100 mixed 84
ppo 289: reward/step +0.032, pg -0.002 v 0.499 ent 0.980 bc 2.858 (x0.00), 2 s | 600 journeys: arrived 89.3 %, fell 0 | clutt 88 doorw 88 stair 94 corne 96 mover 100 low 100 mixed 84
ppo 290: reward/step +0.032, pg -0.002 v 0.521 ent 0.983 bc 2.881 (x0.00), 2 s | 600 journeys: arrived 88.7 %, fell 0 | clutt 91 doorw 89 stair 94 corne 89 mover 100 low 100 mixed 82
ppo 291: reward/step +0.030, pg -0.002 v 0.536 ent 0.988 bc 2.932 (x0.00), 2 s | 600 journeys: arrived 89.0 %, fell 0 | clutt 97 doorw 88 stair 97 corne 80 mover 100 low 100 mixed 83
ppo 292: reward/step +0.032, pg -0.002 v 0.527 ent 0.974 bc 2.815 (x0.00), 2 s | 600 journeys: arrived 90.5 %, fell 0 | clutt 97 doorw 88 stair 97 corne 89 mover 100 low 100 mixed 85
ppo 293: reward/step +0.033, pg -0.002 v 0.512 ent 0.992 bc 2.879 (x0.00), 3 s | 600 journeys: arrived 90.8 %, fell 0 | clutt 95 doorw 89 stair 95 corne 97 mover 100 low 100 mixed 85
ppo 294: reward/step +0.029, pg -0.002 v 0.519 ent 0.983 bc 2.865 (x0.00), 3 s | 600 journeys: arrived 91.2 %, fell 0 | clutt 97 doorw 91 stair 95 corne 94 mover 100 low 100 mixed 86
ppo 295: reward/step +0.032, pg -0.002 v 0.454 ent 0.972 bc 2.824 (x0.00), 2 s | 600 journeys: arrived 91.0 %, fell 0 | clutt 100 doorw 91 stair 95 corne 90 mover 100 low 100 mixed 87
ppo 296: reward/step +0.030, pg -0.002 v 0.520 ent 0.979 bc 2.838 (x0.00), 2 s | 600 journeys: arrived 89.7 %, fell 0 | clutt 91 doorw 89 stair 98 corne 92 mover 100 low 100 mixed 83
ppo 297: reward/step +0.028, pg -0.002 v 0.538 ent 0.970 bc 2.872 (x0.00), 2 s | 600 journeys: arrived 89.8 %, fell 0 | clutt 87 doorw 89 stair 98 corne 94 mover 100 low 100 mixed 85
ppo 298: reward/step +0.025, pg -0.002 v 0.516 ent 0.967 bc 2.938 (x0.00), 2 s | 600 journeys: arrived 89.8 %, fell 0 | clutt 94 doorw 88 stair 96 corne 92 mover 100 low 100 mixed 86
ppo 299: reward/step +0.028, pg -0.002 v 0.562 ent 0.969 bc 2.884 (x0.00), 2 s | 600 journeys: arrived 89.3 %, fell 0 | clutt 94 doorw 88 stair 97 corne 92 mover 100 low 100 mixed 84
bench at 299: arrived 397/420, fell 0, off 0, timeout 21, failed 2, secs 69.0, bumps 0.96
